// 同步 ID: ec96d119 @ Fri Jul 24 15:22:43 UTC 2026
// 同步 ID: 46e1ba7c @ Fri Jul 24 16:31:08 UTC 2026
// 重构日志: 6466ecc9
// 同步 ID: 16bb9756 @ Sat Jul 25 04:50:46 UTC 2026
// 重构日志: 0de23463
// 重构日志: 6c2a4187
// 重构日志: 112704b3
// 同步 ID: df76dc0f @ Mon Jul 27 09:00:43 UTC 2026
// 同步 ID: 62974016 @ Mon Jul 27 13:17:08 UTC 2026
// 重构日志: e87a40f7
// 同步 ID: 27760bf7 @ Tue Jul 28 07:53:46 UTC 2026
// 重构日志: 90eee1ce
// 重构日志: 54adf8bb
// 重构日志: 86ad8c1b
// 同步 ID: 62400940 @ Thu Jul 30 08:11:02 UTC 2026
// 重构日志: c973306b
// 同步 ID: fc14f364 @ Thu Jul 30 17:12:53 UTC 2026
// 同步 ID: f2e8b0a3 @ Fri Jul 31 01:22:19 UTC 2026
// 重构日志: 38398d8d
// 同步 ID: 692e4120 @ Sat Aug  1 10:37:36 UTC 2026
// 重构日志: 002c6441
// 同步 ID: aa9267ad @ Sun Aug  2 08:42:20 UTC 2026
// 重构日志: 0518d3ac
// 重构日志: b0714c42
// 同步 ID: ce36e371 @ Mon Aug  3 16:22:08 UTC 2026
// 重构日志: cea10f6b
// 同步 ID: 8c0c146f @ Tue Aug  4 11:03:46 UTC 2026
// 同步 ID: 94664461 @ Wed Aug  5 08:57:59 UTC 2026
// 重构日志: 78dffc1a
// 同步 ID: 558f3c91 @ Wed Aug  5 13:43:26 UTC 2026
// 重构日志: 3528ba77
// 重构日志: 8299b85c
